I'm sorry, but errors were detected in your script. Please correct the
errors listed below, and try again.


File "game/rpcsEngine.rpy", line 15: expected menuitem
    xpos 100
    ^

Ren'Py Version: Ren'Py 8.0.3.22090809
Sun Jun  4 22:48:04 2023
